PaperclipBoardSessionHttpError: Paperclip board-session request failed: 500
    at requestJson (file:///app/dist/paperclip/secret-sync.js:493:15)
    at process.processTicksAndRejections (node:internal/process/task_queues:103:5)
    at async rotateOrRecoverCompanySecret (file:///app/dist/paperclip/secret-sync.js:514:16)
    at async Object.upsertSecret (file:///app/dist/paperclip/secret-sync.js:343:19)
    at async Object.syncBinding (file:///app/dist/paperclip/secret-sync.js:119:32)
    at async Object.syncProviderSecretRefs (file:///app/dist/worker/runtime.js:130:48)
    at async Object.launch (file:///app/dist/paperclip/issue-launch.js:22:42)
    at async Object.startRun (file:///app/dist/workflows/run-service.js:65:25)
    at async processWorkflowJob (file:///app/dist/workflows/worker.js:18:24)
Error: Paperclip issue launch did not resolve an execution run id
    at pollForExecutionRunId (file:///app/dist/paperclip/issue-launch.js:86:11)
    at async Object.startRun (file:///app/dist/workflows/run-service.js:65:25)
    at async processWorkflowJob (file:///app/dist/workflows/worker.js:18:24)
Error: Paperclip issue launch did not resolve an execution run id
    at pollForExecutionRunId (file:///app/dist/paperclip/issue-launch.js:86:11)
    at async Object.startRun (file:///app/dist/workflows/run-service.js:65:25)
    at async processWorkflowJob (file:///app/dist/workflows/worker.js:18:24)
Error: Paperclip issue launch did not resolve an execution run id
    at pollForExecutionRunId (file:///app/dist/paperclip/issue-launch.js:86:11)
    at async Object.startRun (file:///app/dist/workflows/run-service.js:65:25)
    at async processWorkflowJob (file:///app/dist/workflows/worker.js:18:24)
